INFO: stage1: 2 subject(s), command: bcb-lf-preprocess --bids-dir data/derived/sdc/s1/_work/task_217/staging --output-dir data/derived/sdc/s1/_work/task_217/prep --bcbtoolkit /data/etosato/tools/BCBToolKit --ncores 4 --skip-existing --tracks-dir /data/corbetta/Clinical_connectome/BCBToolkit/TRK/tracks7T
INFO: stage1 stdout:
Preprocessing lesions [BIDS mode] → data/derived/sdc/s1/_work/task_217/prep
  [1/2] sub-STUKLFR0360 ... done (0.2s)
  [2/2] sub-STUNIPD0504 ...
════════════════════════════════════════════════════════
  BCBToolKit — Disconnectome Maps
────────────────────────────────────────────────────────
  Subjects : 2
  Tracks   : 178 *.trk files
  Atlas    : /data/corbetta/Clinical_connectome/BCBToolkit/TRK/tracks7T
  Threshold: 0
  Jobs     : 4 parallel
  Temp dir : /tmp/bcb_disco_87978
────────────────────────────────────────────────────────
  INPUT                                               OUTPUT STEM
────────────────────────────────────────────────────────
  …-MNI152NLin6Asym_res-1_label-lesion_mask.nii.gz  …_space-MNI152NLin6Asym_res-1_desc-disconnectome
  …-MNI152NLin6Asym_res-1_label-lesion_mask.nii.gz  …_space-MNI152NLin6Asym_res-1_desc-disconnectome
════════════════════════════════════════════════════════

  [done]  sub-STUKLFR0360_space-MNI152NLin6Asym_res-1_desc-disconnectome  (12m55s)
  [done]  sub-STUNIPD0504_space-MNI152NLin6Asym_res-1_desc-disconnectome  (18m02s)

════════════════════════════════════════════════════════
  Completed successfully: 2 / 2 subjects
  Total time: 18m02s
════════════════════════════════════════════════════════

 done (0.4s)
Preprocessed 2 subject(s).
Running disconnectome computation for 2 subject(s)...
Moved 2 disconnectome(s) into BIDS structure.
Done.

INFO: stage2: command: bcb-lesion-features --prep-dir data/derived/sdc/s1/_work/task_217/validated_prep --output-dir data/derived/sdc/s1/_work/task_217/validated_prep --assume-yes --skip-existing --ebrains
INFO: stage2 stdout:
Extracting features from data/derived/sdc/s1/_work/task_217/validated_prep → data/derived/sdc/s1/_work/task_217/validated_prep
  [1/2] sub-STUKLFR0360 ... done (731.0s, 1 file(s))
  [2/2] sub-STUNIPD0504 ... done (801.7s, 1 file(s))
Processed 2 subject(s).

INFO: task 217: 2/2 subject(s) completed successfully
