INFO: stage1: 2 subject(s), command: bcb-lf-preprocess --bids-dir data/derived/sdc/s1/_work/task_235/staging --output-dir data/derived/sdc/s1/_work/task_235/prep --bcbtoolkit /data/etosato/tools/BCBToolKit --ncores 4 --skip-existing --tracks-dir /data/corbetta/Clinical_connectome/BCBToolkit/TRK/tracks7T
INFO: stage1 stdout:
Preprocessing lesions [BIDS mode] → data/derived/sdc/s1/_work/task_235/prep
  [1/2] sub-STUKLFR0379 ... done (0.2s)
  [2/2] sub-STUNIPD0522 ...
════════════════════════════════════════════════════════
  BCBToolKit — Disconnectome Maps
────────────────────────────────────────────────────────
  Subjects : 2
  Tracks   : 178 *.trk files
  Atlas    : /data/corbetta/Clinical_connectome/BCBToolkit/TRK/tracks7T
  Threshold: 0
  Jobs     : 4 parallel
  Temp dir : /tmp/bcb_disco_122490
────────────────────────────────────────────────────────
  INPUT                                               OUTPUT STEM
────────────────────────────────────────────────────────
  …-MNI152NLin6Asym_res-1_label-lesion_mask.nii.gz  …_space-MNI152NLin6Asym_res-1_desc-disconnectome
  …-MNI152NLin6Asym_res-1_label-lesion_mask.nii.gz  …_space-MNI152NLin6Asym_res-1_desc-disconnectome
════════════════════════════════════════════════════════

  [done]  sub-STUKLFR0379_space-MNI152NLin6Asym_res-1_desc-disconnectome  (11m26s)
  [done]  sub-STUNIPD0522_space-MNI152NLin6Asym_res-1_desc-disconnectome  (14m44s)

════════════════════════════════════════════════════════
  Completed successfully: 2 / 2 subjects
  Total time: 14m44s
════════════════════════════════════════════════════════

 done (0.4s)
Preprocessed 2 subject(s).
Running disconnectome computation for 2 subject(s)...
Moved 2 disconnectome(s) into BIDS structure.
Done.

INFO: stage2: command: bcb-lesion-features --prep-dir data/derived/sdc/s1/_work/task_235/validated_prep --output-dir data/derived/sdc/s1/_work/task_235/validated_prep --assume-yes --skip-existing --ebrains
