/home/etosato/miniconda3/envs/nemesis/lib/python3.11/site-packages/arviz/__init__.py:50: FutureWarning: 
ArviZ is undergoing a major refactor to improve flexibility and extensibility while maintaining a user-friendly interface.
Some upcoming changes may be backward incompatible.
For details and migration guidance, visit: https://python.arviz.org/en/latest/user_guide/migration_guide.html
  warn(
INFO: stage1: 2 subject(s), command: bcb-lf-preprocess --bids-dir data/derived/sdc/s1/_work/task_190/staging --output-dir data/derived/sdc/s1/_work/task_190/prep --bcbtoolkit /data/etosato/tools/BCBToolKit --ncores 4 --skip-existing --tracks-dir /data/corbetta/Clinical_connectome/BCBToolkit/TRK/tracks7T
INFO: stage1 stdout:
Preprocessing lesions [BIDS mode] → data/derived/sdc/s1/_work/task_190/prep
  [1/2] sub-STUKLFR0332 ... done (0.2s)
  [2/2] sub-STUNIPD0238 ...
════════════════════════════════════════════════════════
  BCBToolKit — Disconnectome Maps
────────────────────────────────────────────────────────
  Subjects : 2
  Tracks   : 178 *.trk files
  Atlas    : /data/corbetta/Clinical_connectome/BCBToolkit/TRK/tracks7T
  Threshold: 0
  Jobs     : 4 parallel
  Temp dir : /tmp/bcb_disco_103220
────────────────────────────────────────────────────────
  INPUT                                               OUTPUT STEM
────────────────────────────────────────────────────────
  …-MNI152NLin6Asym_res-1_label-lesion_mask.nii.gz  …_space-MNI152NLin6Asym_res-1_desc-disconnectome
  …-MNI152NLin6Asym_res-1_label-lesion_mask.nii.gz  …_space-MNI152NLin6Asym_res-1_desc-disconnectome
════════════════════════════════════════════════════════

  [done]  sub-STUNIPD0238_space-MNI152NLin6Asym_res-1_desc-disconnectome  (11m49s)
  [done]  sub-STUKLFR0332_space-MNI152NLin6Asym_res-1_desc-disconnectome  (13m36s)

════════════════════════════════════════════════════════
  Completed successfully: 2 / 2 subjects
  Total time: 13m36s
════════════════════════════════════════════════════════

 done (0.2s)
Preprocessed 2 subject(s).
Running disconnectome computation for 2 subject(s)...
Moved 2 disconnectome(s) into BIDS structure.
Done.

INFO: stage2: command: bcb-lesion-features --prep-dir data/derived/sdc/s1/_work/task_190/validated_prep --output-dir data/derived/sdc/s1/_work/task_190/validated_prep --assume-yes --skip-existing --ebrains
INFO: stage2 stdout:
Extracting features from data/derived/sdc/s1/_work/task_190/validated_prep → data/derived/sdc/s1/_work/task_190/validated_prep
  [1/2] sub-STUKLFR0332 ... done (634.9s, 1 file(s))
  [2/2] sub-STUNIPD0238 ... done (445.1s, 1 file(s))
Processed 2 subject(s).

INFO: task 190: 2/2 subject(s) completed successfully
