INFO: stage1: 2 subject(s), command: bcb-lf-preprocess --bids-dir data/derived/sdc/s1/_work/task_4/staging --output-dir data/derived/sdc/s1/_work/task_4/prep --bcbtoolkit /data/etosato/tools/BCBToolKit --ncores 4 --skip-existing --tracks-dir /data/corbetta/Clinical_connectome/BCBToolkit/TRK/tracks7T
INFO: stage1 stdout:
Preprocessing lesions [BIDS mode] → data/derived/sdc/s1/_work/task_4/prep
  [1/2] sub-STUKLFR0134 ... done (0.2s)
  [2/2] sub-STUNIPD0006 ...
════════════════════════════════════════════════════════
  BCBToolKit — Disconnectome Maps
────────────────────────────────────────────────────────
  Subjects : 2
  Tracks   : 178 *.trk files
  Atlas    : /data/corbetta/Clinical_connectome/BCBToolkit/TRK/tracks7T
  Threshold: 0
  Jobs     : 4 parallel
  Temp dir : /tmp/bcb_disco_15833
────────────────────────────────────────────────────────
  INPUT                                               OUTPUT STEM
────────────────────────────────────────────────────────
  …-MNI152NLin6Asym_res-1_label-lesion_mask.nii.gz  …_space-MNI152NLin6Asym_res-1_desc-disconnectome
  …-MNI152NLin6Asym_res-1_label-lesion_mask.nii.gz  …_space-MNI152NLin6Asym_res-1_desc-disconnectome
════════════════════════════════════════════════════════

  [done]  sub-STUKLFR0134_space-MNI152NLin6Asym_res-1_desc-disconnectome  (19m07s)
  [done]  sub-STUNIPD0006_space-MNI152NLin6Asym_res-1_desc-disconnectome  (19m55s)

════════════════════════════════════════════════════════
  Completed successfully: 2 / 2 subjects
  Total time: 19m55s
════════════════════════════════════════════════════════

 done (0.2s)
Preprocessed 2 subject(s).
Running disconnectome computation for 2 subject(s)...
Moved 2 disconnectome(s) into BIDS structure.
Done.

INFO: stage2: command: bcb-lesion-features --prep-dir data/derived/sdc/s1/_work/task_4/validated_prep --output-dir data/derived/sdc/s1/_work/task_4/validated_prep --assume-yes --skip-existing --ebrains
INFO: stage2 stdout:
Extracting features from data/derived/sdc/s1/_work/task_4/validated_prep → data/derived/sdc/s1/_work/task_4/validated_prep
  [1/2] sub-STUKLFR0134 ... done (477.9s, 1 file(s))
  [2/2] sub-STUNIPD0006 ... done (598.7s, 1 file(s))
Processed 2 subject(s).

INFO: task 4: 2/2 subject(s) completed successfully
