INFO: stage1: 3 subject(s), command: bcb-lf-preprocess --bids-dir data/derived/sdc/s1/_work/task_271/staging --output-dir data/derived/sdc/s1/_work/task_271/prep --bcbtoolkit /data/etosato/tools/BCBToolKit --ncores 4 --skip-existing --tracks-dir /data/corbetta/Clinical_connectome/BCBToolkit/TRK/tracks7T
INFO: stage1 stdout:
Preprocessing lesions [BIDS mode] → data/derived/sdc/s1/_work/task_271/prep
  [1/3] sub-STUKLFR0153 ... done (0.2s)
  [2/3] sub-STUKLFR0501 ... done (0.2s)
  [3/3] sub-STUNIPD0565 ...
════════════════════════════════════════════════════════
  BCBToolKit — Disconnectome Maps
────────────────────────────────────────────────────────
  Subjects : 3
  Tracks   : 178 *.trk files
  Atlas    : /data/corbetta/Clinical_connectome/BCBToolkit/TRK/tracks7T
  Threshold: 0
  Jobs     : 4 parallel
  Temp dir : /tmp/bcb_disco_106463
────────────────────────────────────────────────────────
  INPUT                                               OUTPUT STEM
────────────────────────────────────────────────────────
  …-MNI152NLin6Asym_res-1_label-lesion_mask.nii.gz  …_space-MNI152NLin6Asym_res-1_desc-disconnectome
  …-MNI152NLin6Asym_res-1_label-lesion_mask.nii.gz  …_space-MNI152NLin6Asym_res-1_desc-disconnectome
  …-MNI152NLin6Asym_res-1_label-lesion_mask.nii.gz  …_space-MNI152NLin6Asym_res-1_desc-disconnectome
════════════════════════════════════════════════════════

  [done]  sub-STUKLFR0153_space-MNI152NLin6Asym_res-1_desc-disconnectome  (15m38s)
  [done]  sub-STUNIPD0565_space-MNI152NLin6Asym_res-1_desc-disconnectome  (18m17s)
  [done]  sub-STUKLFR0501_space-MNI152NLin6Asym_res-1_desc-disconnectome  (18m24s)

════════════════════════════════════════════════════════
  Completed successfully: 3 / 3 subjects
  Total time: 18m24s
════════════════════════════════════════════════════════

 done (0.4s)
Preprocessed 3 subject(s).
Running disconnectome computation for 3 subject(s)...
Moved 3 disconnectome(s) into BIDS structure.
Done.

INFO: stage2: command: bcb-lesion-features --prep-dir data/derived/sdc/s1/_work/task_271/validated_prep --output-dir data/derived/sdc/s1/_work/task_271/validated_prep --assume-yes --skip-existing --ebrains
INFO: stage2 stdout:
Extracting features from data/derived/sdc/s1/_work/task_271/validated_prep → data/derived/sdc/s1/_work/task_271/validated_prep
  [1/3] sub-STUKLFR0153 ... done (683.3s, 1 file(s))
  [2/3] sub-STUKLFR0501 ... done (830.0s, 1 file(s))
  [3/3] sub-STUNIPD0565 ... done (798.0s, 1 file(s))
Processed 3 subject(s).

INFO: task 271: 3/3 subject(s) completed successfully
