INFO: stage1: 3 subject(s), command: bcb-lf-preprocess --bids-dir data/derived/sdc/s1/_work/task_278/staging --output-dir data/derived/sdc/s1/_work/task_278/prep --bcbtoolkit /data/etosato/tools/BCBToolKit --ncores 4 --skip-existing --tracks-dir /data/corbetta/Clinical_connectome/BCBToolkit/TRK/tracks7T
INFO: stage1 stdout:
Preprocessing lesions [BIDS mode] → data/derived/sdc/s1/_work/task_278/prep
  [1/3] sub-STUKLFR0161 ... done (0.2s)
  [2/3] sub-STUKLFR0508 ... done (0.2s)
  [3/3] sub-STUNIPD0576 ...
════════════════════════════════════════════════════════
  BCBToolKit — Disconnectome Maps
────────────────────────────────────────────────────────
  Subjects : 3
  Tracks   : 178 *.trk files
  Atlas    : /data/corbetta/Clinical_connectome/BCBToolkit/TRK/tracks7T
  Threshold: 0
  Jobs     : 4 parallel
  Temp dir : /tmp/bcb_disco_141722
────────────────────────────────────────────────────────
  INPUT                                               OUTPUT STEM
────────────────────────────────────────────────────────
  …-MNI152NLin6Asym_res-1_label-lesion_mask.nii.gz  …_space-MNI152NLin6Asym_res-1_desc-disconnectome
  …-MNI152NLin6Asym_res-1_label-lesion_mask.nii.gz  …_space-MNI152NLin6Asym_res-1_desc-disconnectome
  …-MNI152NLin6Asym_res-1_label-lesion_mask.nii.gz  …_space-MNI152NLin6Asym_res-1_desc-disconnectome
════════════════════════════════════════════════════════

  [done]  sub-STUKLFR0508_space-MNI152NLin6Asym_res-1_desc-disconnectome  (17m43s)
  [done]  sub-STUKLFR0161_space-MNI152NLin6Asym_res-1_desc-disconnectome  (18m58s)
  [done]  sub-STUNIPD0576_space-MNI152NLin6Asym_res-1_desc-disconnectome  (21m47s)

════════════════════════════════════════════════════════
  Completed successfully: 3 / 3 subjects
  Total time: 21m47s
════════════════════════════════════════════════════════

 done (0.4s)
Preprocessed 3 subject(s).
Running disconnectome computation for 3 subject(s)...
Moved 3 disconnectome(s) into BIDS structure.
Done.

INFO: stage2: command: bcb-lesion-features --prep-dir data/derived/sdc/s1/_work/task_278/validated_prep --output-dir data/derived/sdc/s1/_work/task_278/validated_prep --assume-yes --skip-existing --ebrains
INFO: stage2 stdout:
Extracting features from data/derived/sdc/s1/_work/task_278/validated_prep → data/derived/sdc/s1/_work/task_278/validated_prep
  [1/3] sub-STUKLFR0161 ... done (738.9s, 1 file(s))
  [2/3] sub-STUKLFR0508 ... done (672.5s, 1 file(s))
  [3/3] sub-STUNIPD0576 ... done (714.5s, 1 file(s))
Processed 3 subject(s).

INFO: task 278: 3/3 subject(s) completed successfully
