INFO: stage1: 3 subject(s), command: bcb-lf-preprocess --bids-dir data/derived/sdc/s1/_work/task_306/staging --output-dir data/derived/sdc/s1/_work/task_306/prep --bcbtoolkit /data/etosato/tools/BCBToolKit --ncores 4 --skip-existing --tracks-dir /data/corbetta/Clinical_connectome/BCBToolkit/TRK/tracks7T
INFO: stage1 stdout:
Preprocessing lesions [BIDS mode] → data/derived/sdc/s1/_work/task_306/prep
  [1/3] sub-STUKLFR0191 ... done (0.2s)
  [2/3] sub-STUKLFR0537 ... done (0.2s)
  [3/3] sub-STUNIPD0275 ...
════════════════════════════════════════════════════════
  BCBToolKit — Disconnectome Maps
────────────────────────────────────────────────────────
  Subjects : 3
  Tracks   : 178 *.trk files
  Atlas    : /data/corbetta/Clinical_connectome/BCBToolkit/TRK/tracks7T
  Threshold: 0
  Jobs     : 4 parallel
  Temp dir : /tmp/bcb_disco_28811
────────────────────────────────────────────────────────
  INPUT                                               OUTPUT STEM
────────────────────────────────────────────────────────
  …-MNI152NLin6Asym_res-1_label-lesion_mask.nii.gz  …_space-MNI152NLin6Asym_res-1_desc-disconnectome
  …-MNI152NLin6Asym_res-1_label-lesion_mask.nii.gz  …_space-MNI152NLin6Asym_res-1_desc-disconnectome
  …-MNI152NLin6Asym_res-1_label-lesion_mask.nii.gz  …_space-MNI152NLin6Asym_res-1_desc-disconnectome
════════════════════════════════════════════════════════

  [done]  sub-STUNIPD0275_space-MNI152NLin6Asym_res-1_desc-disconnectome  (15m25s)
  [done]  sub-STUKLFR0537_space-MNI152NLin6Asym_res-1_desc-disconnectome  (15m54s)
  [done]  sub-STUKLFR0191_space-MNI152NLin6Asym_res-1_desc-disconnectome  (15m56s)

════════════════════════════════════════════════════════
  Completed successfully: 3 / 3 subjects
  Total time: 15m56s
════════════════════════════════════════════════════════

 done (0.4s)
Preprocessed 3 subject(s).
Running disconnectome computation for 3 subject(s)...
Moved 3 disconnectome(s) into BIDS structure.
Done.

INFO: stage2: command: bcb-lesion-features --prep-dir data/derived/sdc/s1/_work/task_306/validated_prep --output-dir data/derived/sdc/s1/_work/task_306/validated_prep --assume-yes --skip-existing --ebrains
INFO: stage2 stdout:
Extracting features from data/derived/sdc/s1/_work/task_306/validated_prep → data/derived/sdc/s1/_work/task_306/validated_prep
  [1/3] sub-STUKLFR0191 ... done (602.0s, 1 file(s))
  [2/3] sub-STUKLFR0537 ... done (584.2s, 1 file(s))
  [3/3] sub-STUNIPD0275 ... done (530.3s, 1 file(s))
Processed 3 subject(s).

INFO: task 306: 3/3 subject(s) completed successfully
