INFO: stage1: 3 subject(s), command: bcb-lf-preprocess --bids-dir data/derived/sdc/s1/_work/task_261/staging --output-dir data/derived/sdc/s1/_work/task_261/prep --bcbtoolkit /data/etosato/tools/BCBToolKit --ncores 4 --skip-existing --tracks-dir /data/corbetta/Clinical_connectome/BCBToolkit/TRK/tracks7T
INFO: stage1 stdout:
Preprocessing lesions [BIDS mode] → data/derived/sdc/s1/_work/task_261/prep
  [1/3] sub-STUKLFR0141 ... done (0.2s)
  [2/3] sub-STUKLFR0491 ... done (0.2s)
  [3/3] sub-STUNIPD0553 ...
════════════════════════════════════════════════════════
  BCBToolKit — Disconnectome Maps
────────────────────────────────────────────────────────
  Subjects : 3
  Tracks   : 178 *.trk files
  Atlas    : /data/corbetta/Clinical_connectome/BCBToolkit/TRK/tracks7T
  Threshold: 0
  Jobs     : 4 parallel
  Temp dir : /tmp/bcb_disco_146072
────────────────────────────────────────────────────────
  INPUT                                               OUTPUT STEM
────────────────────────────────────────────────────────
  …-MNI152NLin6Asym_res-1_label-lesion_mask.nii.gz  …_space-MNI152NLin6Asym_res-1_desc-disconnectome
  …-MNI152NLin6Asym_res-1_label-lesion_mask.nii.gz  …_space-MNI152NLin6Asym_res-1_desc-disconnectome
  …-MNI152NLin6Asym_res-1_label-lesion_mask.nii.gz  …_space-MNI152NLin6Asym_res-1_desc-disconnectome
════════════════════════════════════════════════════════

  [done]  sub-STUNIPD0553_space-MNI152NLin6Asym_res-1_desc-disconnectome  (15m12s)
  [done]  sub-STUKLFR0141_space-MNI152NLin6Asym_res-1_desc-disconnectome  (15m40s)
  [done]  sub-STUKLFR0491_space-MNI152NLin6Asym_res-1_desc-disconnectome  (18m11s)

════════════════════════════════════════════════════════
  Completed successfully: 3 / 3 subjects
  Total time: 18m11s
════════════════════════════════════════════════════════

 done (0.4s)
Preprocessed 3 subject(s).
Running disconnectome computation for 3 subject(s)...
Moved 3 disconnectome(s) into BIDS structure.
Done.

INFO: stage2: command: bcb-lesion-features --prep-dir data/derived/sdc/s1/_work/task_261/validated_prep --output-dir data/derived/sdc/s1/_work/task_261/validated_prep --assume-yes --skip-existing --ebrains
INFO: stage2 stdout:
Extracting features from data/derived/sdc/s1/_work/task_261/validated_prep → data/derived/sdc/s1/_work/task_261/validated_prep
  [1/3] sub-STUKLFR0141 ... done (668.0s, 1 file(s))
  [2/3] sub-STUKLFR0491 ... done (689.4s, 1 file(s))
  [3/3] sub-STUNIPD0553 ... done (572.1s, 1 file(s))
Processed 3 subject(s).

INFO: task 261: 3/3 subject(s) completed successfully
