INFO: stage1: 3 subject(s), command: bcb-lf-preprocess --bids-dir data/derived/sdc/s1/_work/task_295/staging --output-dir data/derived/sdc/s1/_work/task_295/prep --bcbtoolkit /data/etosato/tools/BCBToolKit --ncores 4 --skip-existing --tracks-dir /data/corbetta/Clinical_connectome/BCBToolkit/TRK/tracks7T
INFO: stage1 stdout:
Preprocessing lesions [BIDS mode] → data/derived/sdc/s1/_work/task_295/prep
  [1/3] sub-STUKLFR0179 ... done (0.2s)
  [2/3] sub-STUKLFR0525 ... done (0.2s)
  [3/3] sub-STUNIPD0262 ...
════════════════════════════════════════════════════════
  BCBToolKit — Disconnectome Maps
────────────────────────────────────────────────────────
  Subjects : 3
  Tracks   : 178 *.trk files
  Atlas    : /data/corbetta/Clinical_connectome/BCBToolkit/TRK/tracks7T
  Threshold: 0
  Jobs     : 4 parallel
  Temp dir : /tmp/bcb_disco_125881
────────────────────────────────────────────────────────
  INPUT                                               OUTPUT STEM
────────────────────────────────────────────────────────
  …-MNI152NLin6Asym_res-1_label-lesion_mask.nii.gz  …_space-MNI152NLin6Asym_res-1_desc-disconnectome
  …-MNI152NLin6Asym_res-1_label-lesion_mask.nii.gz  …_space-MNI152NLin6Asym_res-1_desc-disconnectome
  …-MNI152NLin6Asym_res-1_label-lesion_mask.nii.gz  …_space-MNI152NLin6Asym_res-1_desc-disconnectome
════════════════════════════════════════════════════════

  [done]  sub-STUKLFR0525_space-MNI152NLin6Asym_res-1_desc-disconnectome  (14m52s)
  [done]  sub-STUKLFR0179_space-MNI152NLin6Asym_res-1_desc-disconnectome  (15m24s)
  [done]  sub-STUNIPD0262_space-MNI152NLin6Asym_res-1_desc-disconnectome  (15m39s)

════════════════════════════════════════════════════════
  Completed successfully: 3 / 3 subjects
  Total time: 15m39s
════════════════════════════════════════════════════════

 done (0.4s)
Preprocessed 3 subject(s).
Running disconnectome computation for 3 subject(s)...
Moved 3 disconnectome(s) into BIDS structure.
Done.

INFO: stage2: command: bcb-lesion-features --prep-dir data/derived/sdc/s1/_work/task_295/validated_prep --output-dir data/derived/sdc/s1/_work/task_295/validated_prep --assume-yes --skip-existing --ebrains
INFO: stage2 stdout:
Extracting features from data/derived/sdc/s1/_work/task_295/validated_prep → data/derived/sdc/s1/_work/task_295/validated_prep
  [1/3] sub-STUKLFR0179 ... done (579.1s, 1 file(s))
  [2/3] sub-STUKLFR0525 ... done (484.0s, 1 file(s))
  [3/3] sub-STUNIPD0262 ... done (515.8s, 1 file(s))
Processed 3 subject(s).

INFO: task 295: 3/3 subject(s) completed successfully
