INFO: stage1: 2 subject(s), command: bcb-lf-preprocess --bids-dir data/derived/sdc/s1/_work/task_356/staging --output-dir data/derived/sdc/s1/_work/task_356/prep --bcbtoolkit /data/etosato/tools/BCBToolKit --ncores 4 --skip-existing --tracks-dir /data/corbetta/Clinical_connectome/BCBToolkit/TRK/tracks7T
INFO: stage1 stdout:
Preprocessing lesions [BIDS mode] → data/derived/sdc/s1/_work/task_356/prep
  [1/2] sub-STUKLFR0511 ... done (0.4s)
  [2/2] sub-STUNIPD0336 ...
════════════════════════════════════════════════════════
  BCBToolKit — Disconnectome Maps
────────────────────────────────────────────────────────
  Subjects : 2
  Tracks   : 178 *.trk files
  Atlas    : /data/corbetta/Clinical_connectome/BCBToolkit/TRK/tracks7T
  Threshold: 0
  Jobs     : 4 parallel
  Temp dir : /tmp/bcb_disco_21503
────────────────────────────────────────────────────────
  INPUT                                               OUTPUT STEM
────────────────────────────────────────────────────────
  …-MNI152NLin6Asym_res-1_label-lesion_mask.nii.gz  …_space-MNI152NLin6Asym_res-1_desc-disconnectome
  …-MNI152NLin6Asym_res-1_label-lesion_mask.nii.gz  …_space-MNI152NLin6Asym_res-1_desc-disconnectome
════════════════════════════════════════════════════════

  [done]  sub-STUNIPD0336_space-MNI152NLin6Asym_res-1_desc-disconnectome  (13m46s)
  [done]  sub-STUKLFR0511_space-MNI152NLin6Asym_res-1_desc-disconnectome  (14m02s)

════════════════════════════════════════════════════════
  Completed successfully: 2 / 2 subjects
  Total time: 14m02s
════════════════════════════════════════════════════════

 done (0.5s)
Preprocessed 2 subject(s).
Running disconnectome computation for 2 subject(s)...
Moved 2 disconnectome(s) into BIDS structure.
Done.

INFO: stage2: command: bcb-lesion-features --prep-dir data/derived/sdc/s1/_work/task_356/validated_prep --output-dir data/derived/sdc/s1/_work/task_356/validated_prep --assume-yes --skip-existing --ebrains
INFO: stage2 stdout:
Extracting features from data/derived/sdc/s1/_work/task_356/validated_prep → data/derived/sdc/s1/_work/task_356/validated_prep
  [1/2] sub-STUKLFR0511 ... done (855.0s, 1 file(s))
  [2/2] sub-STUNIPD0336 ... done (781.5s, 1 file(s))
Processed 2 subject(s).

INFO: task 356: 2/2 subject(s) completed successfully
