INFO: stage1: 2 subject(s), command: bcb-lf-preprocess --bids-dir data/derived/sdc/s1/_work/task_278/staging --output-dir data/derived/sdc/s1/_work/task_278/prep --bcbtoolkit /data/etosato/tools/BCBToolKit --ncores 4 --skip-existing --tracks-dir /data/corbetta/Clinical_connectome/BCBToolkit/TRK/tracks7T
INFO: stage1 stdout:
Preprocessing lesions [BIDS mode] → data/derived/sdc/s1/_work/task_278/prep
  [1/2] sub-STUKLFR0425 ... done (0.2s)
  [2/2] sub-STUNIPD0576 ...
════════════════════════════════════════════════════════
  BCBToolKit — Disconnectome Maps
────────────────────────────────────────────────────────
  Subjects : 2
  Tracks   : 178 *.trk files
  Atlas    : /data/corbetta/Clinical_connectome/BCBToolkit/TRK/tracks7T
  Threshold: 0
  Jobs     : 4 parallel
  Temp dir : /tmp/bcb_disco_45812
────────────────────────────────────────────────────────
  INPUT                                               OUTPUT STEM
────────────────────────────────────────────────────────
  …-MNI152NLin6Asym_res-1_label-lesion_mask.nii.gz  …_space-MNI152NLin6Asym_res-1_desc-disconnectome
  …-MNI152NLin6Asym_res-1_label-lesion_mask.nii.gz  …_space-MNI152NLin6Asym_res-1_desc-disconnectome
════════════════════════════════════════════════════════

  [done]  sub-STUKLFR0425_space-MNI152NLin6Asym_res-1_desc-disconnectome  (13m02s)
  [done]  sub-STUNIPD0576_space-MNI152NLin6Asym_res-1_desc-disconnectome  (15m30s)

════════════════════════════════════════════════════════
  Completed successfully: 2 / 2 subjects
  Total time: 15m30s
════════════════════════════════════════════════════════

 done (0.4s)
Preprocessed 2 subject(s).
Running disconnectome computation for 2 subject(s)...
Moved 2 disconnectome(s) into BIDS structure.
Done.

INFO: stage2: command: bcb-lesion-features --prep-dir data/derived/sdc/s1/_work/task_278/validated_prep --output-dir data/derived/sdc/s1/_work/task_278/validated_prep --assume-yes --skip-existing --ebrains
INFO: stage2 stdout:
Extracting features from data/derived/sdc/s1/_work/task_278/validated_prep → data/derived/sdc/s1/_work/task_278/validated_prep
  [1/2] sub-STUKLFR0425 ... done (655.8s, 1 file(s))
  [2/2] sub-STUNIPD0576 ... done (737.5s, 1 file(s))
Processed 2 subject(s).

INFO: task 278: 2/2 subject(s) completed successfully
