INFO: stage1: 2 subject(s), command: bcb-lf-preprocess --bids-dir data/derived/sdc/s1/_work/task_558/staging --output-dir data/derived/sdc/s1/_work/task_558/prep --bcbtoolkit /data/etosato/tools/BCBToolKit --ncores 4 --skip-existing --tracks-dir /data/corbetta/Clinical_connectome/BCBToolkit/TRK/tracks7T
INFO: stage1 stdout:
Preprocessing lesions [BIDS mode] → data/derived/sdc/s1/_work/task_558/prep
  [1/2] sub-STUKLFR0111 ... done (0.2s)
  [2/2] sub-STUKLFR0718 ...
════════════════════════════════════════════════════════
  BCBToolKit — Disconnectome Maps
────────────────────────────────────────────────────────
  Subjects : 2
  Tracks   : 178 *.trk files
  Atlas    : /data/corbetta/Clinical_connectome/BCBToolkit/TRK/tracks7T
  Threshold: 0
  Jobs     : 4 parallel
  Temp dir : /tmp/bcb_disco_115029
────────────────────────────────────────────────────────
  INPUT                                               OUTPUT STEM
────────────────────────────────────────────────────────
  …-MNI152NLin6Asym_res-1_label-lesion_mask.nii.gz  …_space-MNI152NLin6Asym_res-1_desc-disconnectome
  …-MNI152NLin6Asym_res-1_label-lesion_mask.nii.gz  …_space-MNI152NLin6Asym_res-1_desc-disconnectome
════════════════════════════════════════════════════════

  [done]  sub-STUKLFR0111_space-MNI152NLin6Asym_res-1_desc-disconnectome  (12m08s)
  [done]  sub-STUKLFR0718_space-MNI152NLin6Asym_res-1_desc-disconnectome  (12m19s)

════════════════════════════════════════════════════════
  Completed successfully: 2 / 2 subjects
  Total time: 12m19s
════════════════════════════════════════════════════════

 done (0.2s)
Preprocessed 2 subject(s).
Running disconnectome computation for 2 subject(s)...
Moved 2 disconnectome(s) into BIDS structure.
Done.

INFO: stage2: command: bcb-lesion-features --prep-dir data/derived/sdc/s1/_work/task_558/validated_prep --output-dir data/derived/sdc/s1/_work/task_558/validated_prep --assume-yes --skip-existing --ebrains
INFO: stage2 stdout:
Extracting features from data/derived/sdc/s1/_work/task_558/validated_prep → data/derived/sdc/s1/_work/task_558/validated_prep
  [1/2] sub-STUKLFR0111 ... done (713.1s, 1 file(s))
  [2/2] sub-STUKLFR0718 ... done (730.6s, 1 file(s))
Processed 2 subject(s).

INFO: task 558: 2/2 subject(s) completed successfully
