/home/etosato/miniconda3/envs/nemesis/lib/python3.11/site-packages/arviz/__init__.py:50: FutureWarning: 
ArviZ is undergoing a major refactor to improve flexibility and extensibility while maintaining a user-friendly interface.
Some upcoming changes may be backward incompatible.
For details and migration guidance, visit: https://python.arviz.org/en/latest/user_guide/migration_guide.html
  warn(
Traceback (most recent call last):
  File "<frozen runpy>", line 198, in _run_module_as_main
  File "<frozen runpy>", line 88, in _run_code
  File "/home/etosato/Projects/NEMESIS_fs/src/pipeline/compute_sdc.py", line 43, in <module>
    from src.sdc.runner import check_stage1_outputs, check_stage2_outputs, run_stage1, run_stage2, stage_validated_prep
  File "/home/etosato/Projects/NEMESIS_fs/src/sdc/runner.py", line 20, in <module>
    from bcblib.tools.lesion_features._constants import EBRAINS_ATLAS_SPECS
  File "/home/etosato/miniconda3/envs/nemesis/lib/python3.11/site-packages/bcblib/tools/lesion_features/__init__.py", line 11, in <module>
    from bcblib.tools.lesion_features._pipeline import (
  File "/home/etosato/miniconda3/envs/nemesis/lib/python3.11/site-packages/bcblib/tools/lesion_features/_pipeline.py", line 16, in <module>
    from bcblib.tools.lesion_features._preprocess import preprocess_one
  File "/home/etosato/miniconda3/envs/nemesis/lib/python3.11/site-packages/bcblib/tools/lesion_features/_preprocess.py", line 11, in <module>
    from bcblib.tools.damage_profile._space import warp_binary_mask
  File "/home/etosato/miniconda3/envs/nemesis/lib/python3.11/site-packages/bcblib/tools/damage_profile/__init__.py", line 8, in <module>
    from bcblib.tools.damage_profile._core import damage_profile
  File "/home/etosato/miniconda3/envs/nemesis/lib/python3.11/site-packages/bcblib/tools/damage_profile/_core.py", line 16, in <module>
    from bcblib.tools.damage_profile._space import check_and_resample
  File "/home/etosato/miniconda3/envs/nemesis/lib/python3.11/site-packages/bcblib/tools/damage_profile/_space.py", line 13, in <module>
    from bcblib.tools.best_overlap import _check_image_space
  File "/home/etosato/miniconda3/envs/nemesis/lib/python3.11/site-packages/bcblib/tools/best_overlap.py", line 50, in <module>
    import pymc as pm
  File "/home/etosato/miniconda3/envs/nemesis/lib/python3.11/site-packages/pymc/__init__.py", line 50, in <module>
    from pymc import _version, gp, math, ode, sampling
  File "/home/etosato/miniconda3/envs/nemesis/lib/python3.11/site-packages/pymc/gp/__init__.py", line 17, in <module>
    from pymc.gp import cov, mean, util
  File "/home/etosato/miniconda3/envs/nemesis/lib/python3.11/site-packages/pymc/gp/cov.py", line 52, in <module>
    from pymc.pytensorf import constant_fold
  File "/home/etosato/miniconda3/envs/nemesis/lib/python3.11/site-packages/pymc/pytensorf.py", line 53, in <module>
    from pymc.util import makeiter
  File "/home/etosato/miniconda3/envs/nemesis/lib/python3.11/site-packages/pymc/util.py", line 23, in <module>
    import arviz
  File "/home/etosato/miniconda3/envs/nemesis/lib/python3.11/site-packages/arviz/__init__.py", line 61, in <module>
    _warn_once_per_day()
  File "/home/etosato/miniconda3/envs/nemesis/lib/python3.11/site-packages/arviz/__init__.py", line 58, in _warn_once_per_day
    _atomic_write_text(stamp_file, today.isoformat())
  File "/home/etosato/miniconda3/envs/nemesis/lib/python3.11/site-packages/arviz/__init__.py", line 36, in _atomic_write_text
    tmp.replace(path)
  File "/home/etosato/miniconda3/envs/nemesis/lib/python3.11/pathlib.py", line 1188, in replace
    os.replace(self, target)
FileNotFoundError: [Errno 2] No such file or directory: '/home/etosato/.cache/arviz/daily_warning.tmp' -> '/home/etosato/.cache/arviz/daily_warning'
