INFO: stage1: 2 subject(s), command: bcb-lf-preprocess --bids-dir data/derived/sdc/s1/_work/task_257/staging --output-dir data/derived/sdc/s1/_work/task_257/prep --bcbtoolkit /data/etosato/tools/BCBToolKit --ncores 4 --skip-existing --tracks-dir /data/corbetta/Clinical_connectome/BCBToolkit/TRK/tracks7T
INFO: stage1 stdout:
Preprocessing lesions [BIDS mode] → data/derived/sdc/s1/_work/task_257/prep
  [1/2] sub-STUKLFR0402 ... done (0.2s)
  [2/2] sub-STUNIPD0547 ...
════════════════════════════════════════════════════════
  BCBToolKit — Disconnectome Maps
────────────────────────────────────────────────────────
  Subjects : 2
  Tracks   : 178 *.trk files
  Atlas    : /data/corbetta/Clinical_connectome/BCBToolkit/TRK/tracks7T
  Threshold: 0
  Jobs     : 4 parallel
  Temp dir : /tmp/bcb_disco_63479
────────────────────────────────────────────────────────
  INPUT                                               OUTPUT STEM
────────────────────────────────────────────────────────
  …-MNI152NLin6Asym_res-1_label-lesion_mask.nii.gz  …_space-MNI152NLin6Asym_res-1_desc-disconnectome
  …-MNI152NLin6Asym_res-1_label-lesion_mask.nii.gz  …_space-MNI152NLin6Asym_res-1_desc-disconnectome
════════════════════════════════════════════════════════

  [done]  sub-STUKLFR0402_space-MNI152NLin6Asym_res-1_desc-disconnectome  (16m09s)
  [done]  sub-STUNIPD0547_space-MNI152NLin6Asym_res-1_desc-disconnectome  (17m28s)

════════════════════════════════════════════════════════
  Completed successfully: 2 / 2 subjects
  Total time: 17m28s
════════════════════════════════════════════════════════

 done (0.4s)
Preprocessed 2 subject(s).
Running disconnectome computation for 2 subject(s)...
Moved 2 disconnectome(s) into BIDS structure.
Done.

INFO: stage2: command: bcb-lesion-features --prep-dir data/derived/sdc/s1/_work/task_257/validated_prep --output-dir data/derived/sdc/s1/_work/task_257/validated_prep --assume-yes --skip-existing --ebrains
INFO: stage2 stdout:
Extracting features from data/derived/sdc/s1/_work/task_257/validated_prep → data/derived/sdc/s1/_work/task_257/validated_prep
  [1/2] sub-STUKLFR0402 ... done (832.1s, 1 file(s))
  [2/2] sub-STUNIPD0547 ... done (849.1s, 1 file(s))
Processed 2 subject(s).

INFO: task 257: 2/2 subject(s) completed successfully
